 List of schemas
 Schema | Catalog 
--------+---------
 sakila | def 
(1 row)
