                         List of relations
 Schema |       Name       |   Type   | Rows |    Size    | Comment 
--------+------------------+----------+------+------------+---------
 public | film_film_id_seq | sequence |    1 | 8192 bytes |  
 public | film             | table    |    0 | 8192 bytes |  
 public | film_actor       | table    |    0 | 0 bytes    |  
 public | film_category    | table    |    0 | 0 bytes    |  
 public | film_list        | view     |    0 | 0 bytes    |  
(5 rows)
