  List of schemas
 Schema | Catalog  
--------+----------
 public | postgres 
(1 row)
